

================================================================
== Vivado HLS Report for 'getVal'
================================================================
* Date:           Mon Apr 16 18:05:53 2018

* Version:        2017.2 (Build 1909853 on Thu Jun 15 18:55:24 MDT 2017)
* Project:        SobelLab4
* Solution:       solution1
* Product family: zynq
* Target device:  xc7z020clg484-1


================================================================
== Performance Estimates
================================================================
+ Timing (ns): 
    * Summary: 
    +--------+-------+----------+------------+
    |  Clock | Target| Estimated| Uncertainty|
    +--------+-------+----------+------------+
    |ap_clk  |  10.00|      8.75|        1.25|
    +--------+-------+----------+------------+

+ Latency (clock cycles): 
    * Summary: 
    +-----+-----+-----+-----+----------+
    |  Latency  |  Interval | Pipeline |
    | min | max | min | max |   Type   |
    +-----+-----+-----+-----+----------+
    |    9|    9|    1|    1| function |
    +-----+-----+-----+-----+----------+

    + Detail: 
        * Instance: 
        N/A

        * Loop: 
        N/A



================================================================
== Utilization Estimates
================================================================
* Summary: 
+-----------------+---------+-------+--------+-------+
|       Name      | BRAM_18K| DSP48E|   FF   |  LUT  |
+-----------------+---------+-------+--------+-------+
|DSP              |        -|      -|       -|      -|
|Expression       |        -|      -|     172|     94|
|FIFO             |        -|      -|       -|      -|
|Instance         |        -|      -|       -|      -|
|Memory           |        -|      -|       -|      -|
|Multiplexer      |        -|      -|       -|     27|
|Register         |        -|      -|      97|      -|
+-----------------+---------+-------+--------+-------+
|Total            |        0|      0|     269|    121|
+-----------------+---------+-------+--------+-------+
|Available        |      280|    220|  106400|  53200|
+-----------------+---------+-------+--------+-------+
|Utilization (%)  |        0|      0|   ~0   |   ~0  |
+-----------------+---------+-------+--------+-------+

+ Detail: 
    * Instance: 
    N/A

    * DSP48: 
    N/A

    * Memory: 
    N/A

    * FIFO: 
    N/A

    * Expression: 
    +----------------------------------+----------+-------+-----+----+------------+------------+
    |           Variable Name          | Operation| DSP48E|  FF | LUT| Bitwidth P0| Bitwidth P1|
    +----------------------------------+----------+-------+-----+----+------------+------------+
    |sum1_fu_131_p2                    |     +    |      0|  101|  37|          32|          32|
    |sum_fu_122_p2                     |     +    |      0|   71|  27|          22|          22|
    |tmp1_fu_108_p2                    |     +    |      0|    0|  11|          13|          13|
    |tmp_fu_98_p2                      |     -    |      0|    0|  11|          13|          13|
    |ap_block_pp0_stage0_flag00001001  |    or    |      0|    0|   2|           1|           1|
    |ap_block_pp0_stage0_flag00011001  |    or    |      0|    0|   2|           1|           1|
    |ap_block_pp0_stage0_flag00011011  |    or    |      0|    0|   2|           1|           1|
    |ap_enable_pp0                     |    xor   |      0|    0|   2|           1|           2|
    +----------------------------------+----------+-------+-----+----+------------+------------+
    |Total                             |          |      0|  172|  94|          84|          85|
    +----------------------------------+----------+-------+-----+----+------------+------------+

    * Multiplexer: 
    +--------------------------------+----+-----------+-----+-----------+
    |              Name              | LUT| Input Size| Bits| Total Bits|
    +--------------------------------+----+-----------+-----+-----------+
    |Y_blk_n_AR                      |   9|          2|    1|          2|
    |Y_blk_n_R                       |   9|          2|    1|          2|
    |ap_sig_ioackin_m_axi_Y_ARREADY  |   9|          2|    1|          2|
    +--------------------------------+----+-----------+-----+-----------+
    |Total                           |  27|          6|    3|          6|
    +--------------------------------+----+-----------+-----+-----------+

    * Register: 
    +--------------------------------+----+----+-----+-----------+
    |              Name              | FF | LUT| Bits| Const Bits|
    +--------------------------------+----+----+-----+-----------+
    |Y_addr_reg_152                  |  32|   0|   32|          0|
    |ap_CS_fsm                       |   1|   0|    1|          0|
    |ap_enable_reg_pp0_iter1         |   1|   0|    1|          0|
    |ap_enable_reg_pp0_iter2         |   1|   0|    1|          0|
    |ap_enable_reg_pp0_iter3         |   1|   0|    1|          0|
    |ap_enable_reg_pp0_iter4         |   1|   0|    1|          0|
    |ap_enable_reg_pp0_iter5         |   1|   0|    1|          0|
    |ap_enable_reg_pp0_iter6         |   1|   0|    1|          0|
    |ap_enable_reg_pp0_iter7         |   1|   0|    1|          0|
    |ap_enable_reg_pp0_iter8         |   1|   0|    1|          0|
    |ap_enable_reg_pp0_iter9         |   1|   0|    1|          0|
    |ap_reg_ioackin_m_axi_Y_ARREADY  |   1|   0|    1|          0|
    |inter_pix1_read_reg_142         |  32|   0|   32|          0|
    |sum_reg_147                     |  22|   0|   22|          0|
    +--------------------------------+----+----+-----+-----------+
    |Total                           |  97|   0|   97|          0|
    +--------------------------------+----+----+-----+-----------+



================================================================
== Interface
================================================================
* Summary: 
+------------------+-----+-----+------------+--------------+--------------+
|     RTL Ports    | Dir | Bits|  Protocol  | Source Object|    C Type    |
+------------------+-----+-----+------------+--------------+--------------+
|ap_clk            |  in |    1| ap_ctrl_hs |    getVal    | return value |
|ap_rst            |  in |    1| ap_ctrl_hs |    getVal    | return value |
|ap_start          |  in |    1| ap_ctrl_hs |    getVal    | return value |
|ap_done           | out |    1| ap_ctrl_hs |    getVal    | return value |
|ap_idle           | out |    1| ap_ctrl_hs |    getVal    | return value |
|ap_ready          | out |    1| ap_ctrl_hs |    getVal    | return value |
|ap_ce             |  in |    1| ap_ctrl_hs |    getVal    | return value |
|ap_return         | out |    8| ap_ctrl_hs |    getVal    | return value |
|Y_blk_n_AR        | out |    1| ap_ctrl_hs |    getVal    | return value |
|Y_blk_n_R         | out |    1| ap_ctrl_hs |    getVal    | return value |
|m_axi_Y_AWVALID   | out |    1|    m_axi   |       Y      |    pointer   |
|m_axi_Y_AWREADY   |  in |    1|    m_axi   |       Y      |    pointer   |
|m_axi_Y_AWADDR    | out |   32|    m_axi   |       Y      |    pointer   |
|m_axi_Y_AWID      | out |    1|    m_axi   |       Y      |    pointer   |
|m_axi_Y_AWLEN     | out |   32|    m_axi   |       Y      |    pointer   |
|m_axi_Y_AWSIZE    | out |    3|    m_axi   |       Y      |    pointer   |
|m_axi_Y_AWBURST   | out |    2|    m_axi   |       Y      |    pointer   |
|m_axi_Y_AWLOCK    | out |    2|    m_axi   |       Y      |    pointer   |
|m_axi_Y_AWCACHE   | out |    4|    m_axi   |       Y      |    pointer   |
|m_axi_Y_AWPROT    | out |    3|    m_axi   |       Y      |    pointer   |
|m_axi_Y_AWQOS     | out |    4|    m_axi   |       Y      |    pointer   |
|m_axi_Y_AWREGION  | out |    4|    m_axi   |       Y      |    pointer   |
|m_axi_Y_AWUSER    | out |    1|    m_axi   |       Y      |    pointer   |
|m_axi_Y_WVALID    | out |    1|    m_axi   |       Y      |    pointer   |
|m_axi_Y_WREADY    |  in |    1|    m_axi   |       Y      |    pointer   |
|m_axi_Y_WDATA     | out |    8|    m_axi   |       Y      |    pointer   |
|m_axi_Y_WSTRB     | out |    1|    m_axi   |       Y      |    pointer   |
|m_axi_Y_WLAST     | out |    1|    m_axi   |       Y      |    pointer   |
|m_axi_Y_WID       | out |    1|    m_axi   |       Y      |    pointer   |
|m_axi_Y_WUSER     | out |    1|    m_axi   |       Y      |    pointer   |
|m_axi_Y_ARVALID   | out |    1|    m_axi   |       Y      |    pointer   |
|m_axi_Y_ARREADY   |  in |    1|    m_axi   |       Y      |    pointer   |
|m_axi_Y_ARADDR    | out |   32|    m_axi   |       Y      |    pointer   |
|m_axi_Y_ARID      | out |    1|    m_axi   |       Y      |    pointer   |
|m_axi_Y_ARLEN     | out |   32|    m_axi   |       Y      |    pointer   |
|m_axi_Y_ARSIZE    | out |    3|    m_axi   |       Y      |    pointer   |
|m_axi_Y_ARBURST   | out |    2|    m_axi   |       Y      |    pointer   |
|m_axi_Y_ARLOCK    | out |    2|    m_axi   |       Y      |    pointer   |
|m_axi_Y_ARCACHE   | out |    4|    m_axi   |       Y      |    pointer   |
|m_axi_Y_ARPROT    | out |    3|    m_axi   |       Y      |    pointer   |
|m_axi_Y_ARQOS     | out |    4|    m_axi   |       Y      |    pointer   |
|m_axi_Y_ARREGION  | out |    4|    m_axi   |       Y      |    pointer   |
|m_axi_Y_ARUSER    | out |    1|    m_axi   |       Y      |    pointer   |
|m_axi_Y_RVALID    |  in |    1|    m_axi   |       Y      |    pointer   |
|m_axi_Y_RREADY    | out |    1|    m_axi   |       Y      |    pointer   |
|m_axi_Y_RDATA     |  in |    8|    m_axi   |       Y      |    pointer   |
|m_axi_Y_RLAST     |  in |    1|    m_axi   |       Y      |    pointer   |
|m_axi_Y_RID       |  in |    1|    m_axi   |       Y      |    pointer   |
|m_axi_Y_RUSER     |  in |    1|    m_axi   |       Y      |    pointer   |
|m_axi_Y_RRESP     |  in |    2|    m_axi   |       Y      |    pointer   |
|m_axi_Y_BVALID    |  in |    1|    m_axi   |       Y      |    pointer   |
|m_axi_Y_BREADY    | out |    1|    m_axi   |       Y      |    pointer   |
|m_axi_Y_BRESP     |  in |    2|    m_axi   |       Y      |    pointer   |
|m_axi_Y_BID       |  in |    1|    m_axi   |       Y      |    pointer   |
|m_axi_Y_BUSER     |  in |    1|    m_axi   |       Y      |    pointer   |
|index             |  in |   23|   ap_none  |     index    |    scalar    |
|xDiff             |  in |    2|   ap_none  |     xDiff    |    scalar    |
|yDiff             |  in |    2|   ap_none  |     yDiff    |    scalar    |
|inter_pix1        |  in |   32|   ap_none  |  inter_pix1  |    scalar    |
+------------------+-----+-----+------------+--------------+--------------+

